[INFO] Scanning for projects...
[INFO] 
[INFO] ---------------< com.worldbuilding:worldbuilding-app-v2 >---------------
[INFO] Building WorldbuildingAppV2 2.0.0-SNAPSHOT
[INFO]   from pom.xml
[INFO] --------------------------------[ jar ]---------------------------------
[INFO] 
[INFO] --- resources:3.3.1:resources (default-resources) @ worldbuilding-app-v2 ---
[INFO] Copying 30 resources from src\main\resources to target\classes
[INFO] 
[INFO] --- compiler:3.14.0:compile (default-compile) @ worldbuilding-app-v2 ---
[INFO] Nothing to compile - all classes are up to date.
[INFO] 
[INFO] --- resources:3.3.1:testResources (default-testResources) @ worldbuilding-app-v2 ---
[INFO] skip non existing resourceDirectory C:\Users\rober\Desktop\Proyectos propios\WorldbuildingApp\src\test\resources
[INFO] 
[INFO] --- compiler:3.14.0:testCompile (default-testCompile) @ worldbuilding-app-v2 ---
[INFO] No sources to compile
[INFO] 
[INFO] --- surefire:3.5.4:test (default-test) @ worldbuilding-app-v2 ---
[INFO] Tests are skipped.
[INFO] 
[INFO] --- jar:3.4.2:jar (default-jar) @ worldbuilding-app-v2 ---
[INFO] 
[INFO] --- spring-boot:3.5.6:repackage (repackage) @ worldbuilding-app-v2 ---
[INFO] Replacing main artifact C:\Users\rober\Desktop\Proyectos propios\WorldbuildingApp\target\worldbuilding-app-v2-2.0.0-SNAPSHOT.jar with repackaged archive, adding nested dependencies in BOOT-INF/.
[INFO] The original artifact has been renamed to C:\Users\rober\Desktop\Proyectos propios\WorldbuildingApp\target\worldbuilding-app-v2-2.0.0-SNAPSHOT.jar.original
[INFO] ------------------------------------------------------------------------
[INFO] BUILD SUCCESS
[INFO] ------------------------------------------------------------------------
[INFO] Total time:  2.251 s
[INFO] Finished at: 2025-12-21T17:45:30+01:00
[INFO] ------------------------------------------------------------------------
